// Jest Snapshot v1, https://goo.gl/fbAQLP

exports[`Carousel component renders without crashing 1`] = `
<div
  class="carousel"
>
  <div
    aria-busy="false"
    class="carousel slide carousel-fade"
    role="region"
  >
    <div
      class="carousel-inner"
      role="list"
    >
      <div
        aria-current="true"
        aria-posinset="1"
        aria-setsize="2"
        class="carousel-item active"
        role="listitem"
      >
        <img
          class="img-fluid w-100 d-block"
          src="#1"
        />
        <div
          class="carousel-caption"
        >
          <p>
            Caption #1
          </p>
          <!---->
          <!---->
        </div>
      </div>
      <div
        aria-current="false"
        aria-posinset="2"
        aria-setsize="2"
        class="carousel-item"
        role="listitem"
      >
        <img
          class="img-fluid w-100 d-block"
          src="#2"
        />
        <!---->
      </div>
    </div>
    <!---->
    <ol
      aria-hidden="false"
      aria-label="Select a slide to display"
      class="carousel-indicators"
    />
  </div>
</div>
`;
